[trendingtemplates.com/demos/trips/index.html]
[backblue.gif]
[fade.gif]
[index.html]
[trendingtemplates.com/demos/trips/images/favicon.ico]
[trendingtemplates.com/demos/trips/images/apple-touch-icon.png]
[trendingtemplates.com/demos/trips/images/apple-touch-icon-72x72.png]
[trendingtemplates.com/demos/trips/images/apple-touch-icon-114x114.png]
[trendingtemplates.com/demos/trips/css/bootstrap.css]
[trendingtemplates.com/demos/trips/style.css]
[trendingtemplates.com/demos/trips/css/custom.css]
[trendingtemplates.com/demos/trips/rs-plugin/css/settings.css]
[trendingtemplates.com/demos/trips/images/loader.gif]
[trendingtemplates.com/demos/trips/login.html]
[trendingtemplates.com/demos/trips/index-2.html]
[trendingtemplates.com/demos/trips/images/wlogo.png]
[trendingtemplates.com/demos/trips/index1.html]
[trendingtemplates.com/demos/trips/index2.html]
[trendingtemplates.com/demos/trips/index3.html]
[trendingtemplates.com/demos/trips/index4.html]
[trendingtemplates.com/demos/trips/index5.html]
[trendingtemplates.com/demos/trips/hotels.html]
[trendingtemplates.com/demos/trips/hotel-single.html]
[trendingtemplates.com/demos/trips/destination-list.html]
[trendingtemplates.com/demos/trips/destination-grid.html]
[trendingtemplates.com/demos/trips/payment.html]
[trendingtemplates.com/demos/trips/successful.html]
[trendingtemplates.com/demos/trips/hot-deals.html]
[trendingtemplates.com/demos/trips/coming-soon.html]
[trendingtemplates.com/demos/trips/page-login.html]
[trendingtemplates.com/demos/trips/page-not-found.html]
[trendingtemplates.com/demos/trips/page-sidebar.html]
[trendingtemplates.com/demos/trips/page-fullwidth.html]
[trendingtemplates.com/demos/trips/blog.html]
[trendingtemplates.com/demos/trips/blog-sidebar.html]
[trendingtemplates.com/demos/trips/blog-single.html]
[trendingtemplates.com/demos/trips/shortcodes-columns.html]
[trendingtemplates.com/demos/trips/shortcodes-typography.html]
[trendingtemplates.com/demos/trips/shortcodes-buttons.html]
[trendingtemplates.com/demos/trips/shortcodes-pricing-table.html]
[trendingtemplates.com/demos/trips/shortcodes-chart.html]
[trendingtemplates.com/demos/trips/shortcodes-accordion.html]
[trendingtemplates.com/demos/trips/shortcodes-list.html]
[trendingtemplates.com/demos/trips/contact.html]
[trendingtemplates.com/demos/trips/images/logo.png]
[trendingtemplates.com/demos/trips/upload/parallax_04.jpg]
[trendingtemplates.com/demos/trips/upload/client_01.png]
[trendingtemplates.com/demos/trips/upload/client_02.png]
[trendingtemplates.com/demos/trips/upload/client_03.png]
[trendingtemplates.com/demos/trips/upload/client_04.png]
[trendingtemplates.com/demos/trips/upload/mini_desti_01.jpg]
[trendingtemplates.com/demos/trips/upload/mini_desti_02.jpg]
[trendingtemplates.com/demos/trips/upload/mini_desti_03.jpg]
[trendingtemplates.com/demos/trips/upload/mini_desti_04.jpg]
[trendingtemplates.com/demos/trips/upload/mini_desti_05.jpg]
[trendingtemplates.com/demos/trips/upload/mini_desti_06.jpg]
[trendingtemplates.com/demos/trips/upload/parallax_03.jpg]
[trendingtemplates.com/demos/trips/upload/home_mini_slider_02.jpg]
[trendingtemplates.com/demos/trips/upload/home_mini_slider_01.jpg]
[trendingtemplates.com/demos/trips/upload/home_desti_02.jpg]
[trendingtemplates.com/demos/trips/upload/hotel_01.png]
[trendingtemplates.com/demos/trips/upload/hotel_02.png]
[trendingtemplates.com/demos/trips/upload/hotel_03.png]
[trendingtemplates.com/demos/trips/upload/parallax_05.jpg]
[trendingtemplates.com/demos/trips/upload/home_blog_05.jpg]
[trendingtemplates.com/demos/trips/upload/home_blog_06.jpg]
[trendingtemplates.com/demos/trips/upload/home_blog_07.jpg]
[trendingtemplates.com/demos/trips/images/flogo.png]
[trendingtemplates.com/demos/trips/js/bootstrap.min.js]
[trendingtemplates.com/demos/trips/js/retina.js]
[trendingtemplates.com/demos/trips/js/sidebar.js]
[trendingtemplates.com/demos/trips/js/circle.js]
[trendingtemplates.com/demos/trips/js/progress.js]
[trendingtemplates.com/demos/trips/js/jquery.prettyPhoto.js]
[trendingtemplates.com/demos/trips/js/contact.js]
[trendingtemplates.com/demos/trips/js/parallax.js]
[trendingtemplates.com/demos/trips/js/owl.carousel.js]
[trendingtemplates.com/demos/trips/js/bootstrap-select.js]
[trendingtemplates.com/demos/trips/js/custom.js]
[trendingtemplates.com/demos/trips/index.html]
[trendingtemplates.com/demos/trips/js/revslider.js]
[trendingtemplates.com/demos/trips/fonts/glyphicons-halflings-regular.eot]
[trendingtemplates.com/demos/trips/rs-plugin/js/jquery.themepunch.tools.min.js]
[trendingtemplates.com/demos/trips/fonts/glyphicons-halflings-regulard41d.eot]
[trendingtemplates.com/demos/trips/fonts/glyphicons-halflings-regular.woff]
[trendingtemplates.com/demos/trips/rs-plugin/js/jquery.themepunch.revolution.min.js]
[trendingtemplates.com/demos/trips/css/bootstrap.css]
[code.jquery.com/ui/1.11.4/themes/smoothness/jquery-ui.css]
[trendingtemplates.com/demos/trips/css/tripsfonts.css]
[trendingtemplates.com/demos/trips/css/bootstrap-select.css]
[trendingtemplates.com/demos/trips/css/owl-carousel.css]
[trendingtemplates.com/demos/trips/css/prettyPhoto.css]
[trendingtemplates.com/demos/trips/fonts/aqua-webfont.eot]
[trendingtemplates.com/demos/trips/fonts/aqua-webfontd41d.eot]
[trendingtemplates.com/demos/trips/fonts/aqua-webfont.woff]
[trendingtemplates.com/demos/trips/images/page-header.jpg]
[trendingtemplates.com/demos/trips/images/menu.png]
[trendingtemplates.com/demos/trips/style.css]
[trendingtemplates.com/demos/trips/css/custom.css]
[trendingtemplates.com/demos/trips/rs-plugin/images/gradient/g40.png]
[trendingtemplates.com/demos/trips/rs-plugin/assets/shadow1.png]
[trendingtemplates.com/demos/trips/rs-plugin/assets/shadow2.png]
[trendingtemplates.com/demos/trips/rs-plugin/assets/shadow3.png]
[trendingtemplates.com/demos/trips/rs-plugin/assets/gridtile.png]
[trendingtemplates.com/demos/trips/rs-plugin/assets/gridtile_white.png]
[trendingtemplates.com/demos/trips/rs-plugin/assets/gridtile_3x3.png]
[trendingtemplates.com/demos/trips/rs-plugin/assets/gridtile_3x3_white.png]
[trendingtemplates.com/demos/trips/rs-plugin/assets/boxed_bgtile.png]
[trendingtemplates.com/demos/trips/rs-plugin/assets/navigdots_bgtile.png]
[trendingtemplates.com/demos/trips/rs-plugin/assets/bullet.png]
[trendingtemplates.com/demos/trips/rs-plugin/assets/bullets.png]
[trendingtemplates.com/demos/trips/rs-plugin/assets/bullets2.png]
[trendingtemplates.com/demos/trips/rs-plugin/assets/bullet_boxed.png]
[trendingtemplates.com/demos/trips/rs-plugin/assets/navigdots.png]
[trendingtemplates.com/demos/trips/rs-plugin/assets/large_left.png]
[trendingtemplates.com/demos/trips/rs-plugin/assets/large_right.png]
[trendingtemplates.com/demos/trips/rs-plugin/assets/small_left.png]
[trendingtemplates.com/demos/trips/rs-plugin/assets/small_right.png]
[trendingtemplates.com/demos/trips/rs-plugin/assets/arrow_left.png]
[trendingtemplates.com/demos/trips/rs-plugin/assets/arrow_right.png]
[trendingtemplates.com/demos/trips/rs-plugin/assets/small_left_boxed.png]
[trendingtemplates.com/demos/trips/rs-plugin/assets/small_right_boxed.png]
[trendingtemplates.com/demos/trips/rs-plugin/assets/arrowleft.png]
[trendingtemplates.com/demos/trips/rs-plugin/assets/timer.png]
[trendingtemplates.com/demos/trips/rs-plugin/assets/coloredbg.png]
[trendingtemplates.com/demos/trips/rs-plugin/assets/loader.gif]
[trendingtemplates.com/demos/trips/rs-plugin/font/revicons90c6.eot]
[trendingtemplates.com/demos/trips/rs-plugin/font/revicons90c6.woff]
[trendingtemplates.com/demos/trips/rs-plugin/css/settings.css]
[trendingtemplates.com/demos/trips/login.html]
[trendingtemplates.com/demos/trips/index-2.html]
[trendingtemplates.com/demos/trips/images/dummy.png]
[trendingtemplates.com/demos/trips/services.html]
[trendingtemplates.com/demos/trips/upload/parallax_slider_01.jpg]
[trendingtemplates.com/demos/trips/upload/parallax_slider_02.jpg]
[trendingtemplates.com/demos/trips/upload/parallax_slider_03.jpg]
[trendingtemplates.com/demos/trips/upload/desti_01.png]
[trendingtemplates.com/demos/trips/upload/desti_02.png]
[trendingtemplates.com/demos/trips/upload/home_blog_01.jpg]
[trendingtemplates.com/demos/trips/upload/home_blog_02.jpg]
[trendingtemplates.com/demos/trips/upload/home_blog_03.jpg]
[trendingtemplates.com/demos/trips/index1.html]
[trendingtemplates.com/demos/trips/index2.html]
[trendingtemplates.com/demos/trips/upload/header_parallax.jpg]
[trendingtemplates.com/demos/trips/index3.html]
[trendingtemplates.com/demos/trips/index4.html]
[trendingtemplates.com/demos/trips/index5.html]
[trendingtemplates.com/demos/trips/upload/hotel_05.png]
[trendingtemplates.com/demos/trips/upload/hotel_07.png]
[trendingtemplates.com/demos/trips/upload/hotel_08.png]
[trendingtemplates.com/demos/trips/upload/hotel_09.png]
[trendingtemplates.com/demos/trips/hotels.html]
[trendingtemplates.com/demos/trips/upload/single-hotel.png]
[trendingtemplates.com/demos/trips/upload/single_hotel_01.png]
[trendingtemplates.com/demos/trips/upload/single_hotel_03.png]
[trendingtemplates.com/demos/trips/upload/single_hotel_04.png]
[trendingtemplates.com/demos/trips/upload/comment_02.png]
[trendingtemplates.com/demos/trips/hotel-single.html]
[trendingtemplates.com/demos/trips/upload/desti_04.png]
[trendingtemplates.com/demos/trips/upload/desti_05.png]
[trendingtemplates.com/demos/trips/destination-list.html]
[trendingtemplates.com/demos/trips/destination-grid.html]
[trendingtemplates.com/demos/trips/images/progress.png]
[trendingtemplates.com/demos/trips/upload/single_payment.png]
[trendingtemplates.com/demos/trips/images/payment.png]
[trendingtemplates.com/demos/trips/payment.html]
[trendingtemplates.com/demos/trips/images/successful.png]
[trendingtemplates.com/demos/trips/successful.html]
[trendingtemplates.com/demos/trips/deal-single.html]
[trendingtemplates.com/demos/trips/upload/blog_03.png]
[trendingtemplates.com/demos/trips/upload/blog_01.png]
[trendingtemplates.com/demos/trips/upload/blog_04.png]
[trendingtemplates.com/demos/trips/js/jquery.lwtCountdown-1.0.js]
[trendingtemplates.com/demos/trips/hot-deals.html]
[trendingtemplates.com/demos/trips/coming-soon.html]
[trendingtemplates.com/demos/trips/page-login.html]
[trendingtemplates.com/demos/trips/page-not-found.html]
[trendingtemplates.com/demos/trips/upload/sidebar_01.png]
[trendingtemplates.com/demos/trips/upload/sidebar_02.png]
[trendingtemplates.com/demos/trips/upload/sidebar_03.png]
[trendingtemplates.com/demos/trips/upload/sidebar_04.png]
[trendingtemplates.com/demos/trips/upload/sidebar_05.png]
[trendingtemplates.com/demos/trips/upload/sidebar_06.png]
[trendingtemplates.com/demos/trips/upload/sidebar_07.png]
[trendingtemplates.com/demos/trips/upload/sidebar_08.png]
[trendingtemplates.com/demos/trips/upload/sidebar_09.png]
[trendingtemplates.com/demos/trips/page-sidebar.html]
[trendingtemplates.com/demos/trips/page-fullwidth.html]
[trendingtemplates.com/demos/trips/upload/blog_02.png]
[trendingtemplates.com/demos/trips/blog.html]
[trendingtemplates.com/demos/trips/blog-sidebar.html]
[trendingtemplates.com/demos/trips/upload/single.png]
[trendingtemplates.com/demos/trips/blog-single.html]
[trendingtemplates.com/demos/trips/shortcodes-columns.html]
[trendingtemplates.com/demos/trips/shortcodes-typography.html]
[trendingtemplates.com/demos/trips/upload/btn_bg_01.png]
[trendingtemplates.com/demos/trips/upload/btn_bg_02.png]
[trendingtemplates.com/demos/trips/shortcodes-buttons.html]
[trendingtemplates.com/demos/trips/shortcodes-pricing-table.html]
[trendingtemplates.com/demos/trips/shortcodes-chart.html]
[trendingtemplates.com/demos/trips/shortcodes-accordion.html]
[trendingtemplates.com/demos/trips/shortcodes-list.html]
[trendingtemplates.com/demos/trips/contact.html]
[trendingtemplates.com/demos/trips/upload/girl.png]
[trendingtemplates.com/demos/trips/upload/home_desti_01.jpg]
[trendingtemplates.com/demos/trips/js/jquery.min.js]
[trendingtemplates.com/demos/trips/fonts/glyphicons-halflings-regular.html]
[trendingtemplates.com/demos/trips/fonts/glyphicons-halflings-regular-2.html]
[trendingtemplates.com/demos/trips/fonts/glyphicons-halflings-regular.svg]
[code.jquery.com/ui/1.11.4/themes/smoothness/images/ui-bg_flat_75_ffffff_40x100.png]
[trendingtemplates.com/demos/trips/js/jquery-ui.js]
[code.jquery.com/ui/1.11.4/themes/smoothness/images/ui-bg_highlight-soft_75_cccccc_1x100.png]
[code.jquery.com/ui/1.11.4/themes/smoothness/images/ui-bg_glass_75_e6e6e6_1x400.png]
[code.jquery.com/ui/1.11.4/themes/smoothness/images/ui-bg_glass_75_dadada_1x400.png]
[code.jquery.com/ui/1.11.4/themes/smoothness/images/ui-bg_glass_65_ffffff_1x400.png]
[code.jquery.com/ui/1.11.4/themes/smoothness/images/ui-bg_glass_55_fbf9ee_1x400.png]
[code.jquery.com/ui/1.11.4/themes/smoothness/images/ui-bg_glass_95_fef1ec_1x400.png]
[code.jquery.com/ui/1.11.4/themes/smoothness/images/ui-icons_222222_256x240.png]
[code.jquery.com/ui/1.11.4/themes/smoothness/images/ui-icons_888888_256x240.png]
[code.jquery.com/ui/1.11.4/themes/smoothness/images/ui-icons_454545_256x240.png]
[code.jquery.com/ui/1.11.4/themes/smoothness/images/ui-icons_2e83ff_256x240.png]
[code.jquery.com/ui/1.11.4/themes/smoothness/images/ui-icons_cd0a0a_256x240.png]
[code.jquery.com/ui/1.11.4/themes/smoothness/images/ui-bg_flat_0_aaaaaa_40x100.png]
[code.jquery.com/ui/1.11.4/themes/smoothness/jquery-ui.css]
[trendingtemplates.com/demos/trips/fonts/trips.eot]
[trendingtemplates.com/demos/trips/fonts/trips.woff]
[trendingtemplates.com/demos/trips/css/tripsfonts.css]
[trendingtemplates.com/demos/trips/css/bootstrap-select.css]
[trendingtemplates.com/demos/trips/css/font-awesome.css]
[trendingtemplates.com/demos/trips/css/owl.video.play.png]
[trendingtemplates.com/demos/trips/css/owl-carousel.css]
[trendingtemplates.com/demos/trips/images/prettyPhoto/default/sprite.png]
[trendingtemplates.com/demos/trips/images/prettyPhoto/default/sprite_x.png]
[trendingtemplates.com/demos/trips/images/prettyPhoto/default/sprite_y.png]
[trendingtemplates.com/demos/trips/images/prettyPhoto/default/sprite_next.png]
[trendingtemplates.com/demos/trips/images/prettyPhoto/default/sprite_prev.png]
[trendingtemplates.com/demos/trips/images/prettyPhoto/default/default_thumb.png]
[trendingtemplates.com/demos/trips/images/prettyPhoto/default/loader.gif]
[trendingtemplates.com/demos/trips/images/prettyPhoto/light_rounded/sprite.png]
[trendingtemplates.com/demos/trips/images/prettyPhoto/light_rounded/btnNext.png]
[trendingtemplates.com/demos/trips/images/prettyPhoto/light_rounded/btnPrevious.png]
[trendingtemplates.com/demos/trips/images/prettyPhoto/dark_rounded/sprite.png]
[trendingtemplates.com/demos/trips/images/prettyPhoto/dark_rounded/contentPattern.png]
[trendingtemplates.com/demos/trips/images/prettyPhoto/dark_rounded/btnNext.png]
[trendingtemplates.com/demos/trips/images/prettyPhoto/dark_rounded/btnPrevious.png]
[trendingtemplates.com/demos/trips/images/prettyPhoto/dark_rounded/loader.gif]
[trendingtemplates.com/demos/trips/images/prettyPhoto/dark_square/loader.gif]
[trendingtemplates.com/demos/trips/images/prettyPhoto/dark_square/sprite.png]
[trendingtemplates.com/demos/trips/images/prettyPhoto/dark_square/btnNext.png]
[trendingtemplates.com/demos/trips/images/prettyPhoto/dark_square/btnPrevious.png]
[trendingtemplates.com/demos/trips/images/prettyPhoto/light_square/sprite.png]
[trendingtemplates.com/demos/trips/images/prettyPhoto/light_square/btnPrevious.png]
[trendingtemplates.com/demos/trips/images/prettyPhoto/facebook/sprite.png]
[trendingtemplates.com/demos/trips/images/prettyPhoto/facebook/contentPatternTop.png]
[trendingtemplates.com/demos/trips/images/prettyPhoto/facebook/contentPatternLeft.png]
[trendingtemplates.com/demos/trips/images/prettyPhoto/facebook/contentPatternRight.png]
[trendingtemplates.com/demos/trips/images/prettyPhoto/facebook/loader.gif]
[trendingtemplates.com/demos/trips/images/prettyPhoto/facebook/btnNext.png]
[trendingtemplates.com/demos/trips/images/prettyPhoto/facebook/btnPrevious.png]
[trendingtemplates.com/demos/trips/images/prettyPhoto/facebook/contentPatternBottom.png]
[trendingtemplates.com/demos/trips/images/prettyPhoto/facebook/default_thumbnail.gif]
[trendingtemplates.com/demos/trips/images/prettyPhoto/light_rounded/loader.gif]
[trendingtemplates.com/demos/trips/css/prettyPhoto.css]
[trendingtemplates.com/demos/trips/fonts/aqua-webfont.html]
[trendingtemplates.com/demos/trips/fonts/aqua-webfont-2.html]
[trendingtemplates.com/demos/trips/fonts/aqua-webfont.svg]
[trendingtemplates.com/demos/trips/rs-plugin/images/gradient/g30.png]
[trendingtemplates.com/demos/trips/rs-plugin/assets/arrow_left2.png]
[trendingtemplates.com/demos/trips/rs-plugin/font/revicons90c6.html]
[trendingtemplates.com/demos/trips/rs-plugin/assets/arrowright.png]
[trendingtemplates.com/demos/trips/rs-plugin/assets/arrow_right2.png]
[trendingtemplates.com/demos/trips/rs-plugin/font/revicons90c6.svg]
[trendingtemplates.com/demos/trips/services.html]
[trendingtemplates.com/demos/trips/upload/hotel_04.png]
[trendingtemplates.com/demos/trips/upload/home_blog_04.jpg]
[trendingtemplates.com/demos/trips/upload/hotel_06.png]
[trendingtemplates.com/demos/trips/upload/comment_01.png]
[trendingtemplates.com/demos/trips/upload/desti_03.png]
[trendingtemplates.com/demos/trips/deal-single.html]
[trendingtemplates.com/demos/trips/fonts/tripsd41d.eot]
[trendingtemplates.com/demos/trips/fonts/trips.html]
[trendingtemplates.com/demos/trips/fonts/trips.svg]
[trendingtemplates.com/demos/trips/fonts/fontawesome-webfont862f.eot]
[trendingtemplates.com/demos/trips/fonts/fontawesome-webfontd41d.eot]
[trendingtemplates.com/demos/trips/fonts/fontawesome-webfont862f.woff]
[trendingtemplates.com/demos/trips/css/font-awesome.css]
[trendingtemplates.com/demos/trips/css/owl.video.play.html]
[trendingtemplates.com/demos/trips/images/prettyPhoto/light_square/btnNext.png]
[trendingtemplates.com/demos/trips/upload/single_hotel_02.png]
[trendingtemplates.com/demos/trips/upload/home_blog_08.jpg]
[trendingtemplates.com/demos/trips/fonts/fontawesome-webfont862f.svg]
[trendingtemplates.com/demos/trips/fonts/fontawesome-webfont862f.ttf]
